// Jest Snapshot v1, https://goo.gl/fbAQLP

exports[`Header Component should render authenticated routes 1`] = `null`;

exports[`Header Component should render non-authenticated routes 1`] = `null`;
